<?xml version="1.0" encoding="ISO-8859-1"?>

<xport>
  <meta>
    <start>1314284400</start>
    <step>3600</step>
    <end>1314370800</end>
    <rows>25</rows>
    <columns>2</columns>
    <legend>
      <entry>debian</entry>
      <entry>ubuntu</entry>
    </legend>
  </meta>
  <data>
    <row><t>1314284400</t><v>4.2058080448e+05</v><v>3.4554852703e+06</v></row>
    <row><t>1314288000</t><v>1.4568735005e+05</v><v>3.0785818281e+06</v></row>
    <row><t>1314291600</t><v>5.9353823067e+04</v><v>2.1578284309e+06</v></row>
    <row><t>1314295200</t><v>5.7154769780e+04</v><v>1.2327306097e+06</v></row>
    <row><t>1314298800</t><v>8.0139611239e+04</v><v>3.8285594731e+05</v></row>
    <row><t>1314302400</t><v>5.3612231078e+05</v><v>6.9517031221e+05</v></row>
    <row><t>1314306000</t><v>5.9650532004e+05</v><v>7.0225349302e+05</v></row>
    <row><t>1314309600</t><v>2.2849194251e+05</v><v>5.8984895720e+05</v></row>
    <row><t>1314313200</t><v>2.6061379405e+04</v><v>5.4557609220e+05</v></row>
    <row><t>1314316800</t><v>1.2093764927e+05</v><v>9.5616682332e+05</v></row>
    <row><t>1314320400</t><v>1.1117326682e+06</v><v>3.9348573217e+06</v></row>
    <row><t>1314324000</t><v>1.1692164102e+06</v><v>3.5723550478e+06</v></row>
    <row><t>1314327600</t><v>5.4081350837e+05</v><v>3.6016161710e+06</v></row>
    <row><t>1314331200</t><v>1.3704032414e+05</v><v>2.8489443882e+06</v></row>
    <row><t>1314334800</t><v>6.3956238012e+04</v><v>3.4619826946e+06</v></row>
    <row><t>1314338400</t><v>5.9622041086e+04</v><v>3.8469959806e+06</v></row>
    <row><t>1314342000</t><v>4.6013242029e+04</v><v>3.9114420247e+06</v></row>
    <row><t>1314345600</t><v>4.9972637893e+04</v><v>4.2563752234e+06</v></row>
    <row><t>1314349200</t><v>3.4762458809e+04</v><v>4.5870121068e+06</v></row>
    <row><t>1314352800</t><v>6.4650098283e+04</v><v>3.2380490710e+06</v></row>
    <row><t>1314356400</t><v>3.0991856819e+05</v><v>1.5263821465e+06</v></row>
    <row><t>1314360000</t><v>1.4157783656e+05</v><v>2.3691259098e+06</v></row>
    <row><t>1314363600</t><v>1.6361888902e+05</v><v>2.4771269082e+06</v></row>
    <row><t>1314367200</t><v>2.5038413147e+05</v><v>1.9974310064e+06</v></row>
  </data>
</xport>
